Last login: Sat Apr 22 14:16:25 on ttys000
ducnguyenhuu@Ducs-MBP ~ % chmod 400 /Users/ducnguyenhuu/Documents/udacity-keypair.pem                                                         
ducnguyenhuu@Ducs-MBP ~ % ssh -i /Users/ducnguyenhuu/Documents/udacity-keypair.pem ec2-user@ec2-18-118-255-233.us-east-2.compute.amazonaws.com  
   ,     #_
   ~\_  ####_        Amazon Linux 2023
  ~~  \_#####\
  ~~     \###|
  ~~       \#/ ___   https://aws.amazon.com/linux/amazon-linux-2023
   ~~       V~' '->
    ~~~         /
      ~~._.   _/
         _/ _/
       _/m/'
[ec2-user@ip-10-2-10-193 ~]$ sudo yum install mariadb
Last metadata expiration check: 0:11:05 ago on Sat Apr 22 18:12:27 2023.
No match for argument: mariadb
Error: Unable to find a match: mariadb
[ec2-user@ip-10-2-10-193 ~]$ sudo dnf install mariadb105
Last metadata expiration check: 0:12:20 ago on Sat Apr 22 18:12:27 2023.
Dependencies resolved.
============================================================================================================================================================================================================
 Package                                                   Architecture                          Version                                                   Repository                                  Size
============================================================================================================================================================================================================
Installing:
 mariadb105                                                x86_64                                3:10.5.18-1.amzn2023.0.1                                  amazonlinux                                1.6 M
Installing dependencies:
 mariadb-connector-c                                       x86_64                                3.1.13-1.amzn2023.0.3                                     amazonlinux                                196 k
 mariadb-connector-c-config                                noarch                                3.1.13-1.amzn2023.0.3                                     amazonlinux                                9.2 k
 mariadb105-common                                         x86_64                                3:10.5.18-1.amzn2023.0.1                                  amazonlinux                                 31 k
 perl-Sys-Hostname                                         x86_64                                1.23-477.amzn2023.0.3                                     amazonlinux                                 18 k

Transaction Summary
============================================================================================================================================================================================================
Install  5 Packages

Total download size: 1.8 M
Installed size: 19 M
Is this ok [y/N]: y
Downloading Packages:
(1/5): perl-Sys-Hostname-1.23-477.amzn2023.0.3.x86_64.rpm                                                                                                                   227 kB/s |  18 kB     00:00    
(2/5): mariadb105-common-10.5.18-1.amzn2023.0.1.x86_64.rpm                                                                                                                  1.3 MB/s |  31 kB     00:00    
(3/5): mariadb105-10.5.18-1.amzn2023.0.1.x86_64.rpm                                                                                                                          12 MB/s | 1.6 MB     00:00    
(4/5): mariadb-connector-c-config-3.1.13-1.amzn2023.0.3.noarch.rpm                                                                                                          226 kB/s | 9.2 kB     00:00    
(5/5): mariadb-connector-c-3.1.13-1.amzn2023.0.3.x86_64.rpm                                                                                                                 1.1 MB/s | 196 kB     00:00    
------------------------------------------------------------------------------------------------------------------------------------------------------------------------------------------------------------
Total                                                                                                                                                                       7.7 MB/s | 1.8 MB     00:00     
Running transaction check
Transaction check succeeded.
Running transaction test
Transaction test succeeded.
Running transaction
  Preparing        :                                                                                                                                                                                    1/1 
  Installing       : mariadb-connector-c-config-3.1.13-1.amzn2023.0.3.noarch                                                                                                                            1/5 
  Installing       : mariadb-connector-c-3.1.13-1.amzn2023.0.3.x86_64                                                                                                                                   2/5 
  Installing       : mariadb105-common-3:10.5.18-1.amzn2023.0.1.x86_64                                                                                                                                  3/5 
  Installing       : perl-Sys-Hostname-1.23-477.amzn2023.0.3.x86_64                                                                                                                                     4/5 
  Installing       : mariadb105-3:10.5.18-1.amzn2023.0.1.x86_64                                                                                                                                         5/5 
  Running scriptlet: mariadb105-3:10.5.18-1.amzn2023.0.1.x86_64                                                                                                                                         5/5 
  Verifying        : perl-Sys-Hostname-1.23-477.amzn2023.0.3.x86_64                                                                                                                                     1/5 
  Verifying        : mariadb-connector-c-3.1.13-1.amzn2023.0.3.x86_64                                                                                                                                   2/5 
  Verifying        : mariadb105-3:10.5.18-1.amzn2023.0.1.x86_64                                                                                                                                         3/5 
  Verifying        : mariadb105-common-3:10.5.18-1.amzn2023.0.1.x86_64                                                                                                                                  4/5 
  Verifying        : mariadb-connector-c-config-3.1.13-1.amzn2023.0.3.noarch                                                                                                                            5/5 

Installed:
  mariadb-connector-c-3.1.13-1.amzn2023.0.3.x86_64  mariadb-connector-c-config-3.1.13-1.amzn2023.0.3.noarch  mariadb105-3:10.5.18-1.amzn2023.0.1.x86_64  mariadb105-common-3:10.5.18-1.amzn2023.0.1.x86_64 
  perl-Sys-Hostname-1.23-477.amzn2023.0.3.x86_64   

Complete!
[ec2-user@ip-10-2-10-193 ~]$ mysql -h udacity.cvolihocitcu.us-east-2.rds.amazonaws.com -P 3306 -u mymasteruser -p
Enter password: 
ERROR 1045 (28000): Access denied for user 'mymasteruser'@'10.2.10.193' (using password: YES)
[ec2-user@ip-10-2-10-193 ~]$ mysql -h udacity.cvolihocitcu.us-east-2.rds.amazonaws.com -P 3306 -u mymasteruser -p
Enter password: 
ERROR 1045 (28000): Access denied for user 'mymasteruser'@'10.2.10.193' (using password: YES)
[ec2-user@ip-10-2-10-193 ~]$ mysql -h udacity.cvolihocitcu.us-east-2.rds.amazonaws.com -P 3306 -u admin -p
Enter password: 
Welcome to the MariaDB monitor.  Commands end with ; or \g.
Your MySQL connection id is 46
Server version: 8.0.32 Source distribution

Copyright (c) 2000, 2018, Oracle, MariaDB Corporation Ab and others.

Type 'help;' or '\h' for help. Type '\c' to clear the current input statement.

MySQL [(none)]> select udacity_1
    -> ;
ERROR 1054 (42S22): Unknown column 'udacity_1' in 'field list'
MySQL [(none)]> use udacity_1
Reading table information for completion of table and column names
You can turn off this feature to get a quicker startup with -A

Database changed
MySQL [udacity_1]> select * from FirstTable;
+------+-----------+
| ID   | Firstname |
+------+-----------+
|    1 | Duc       |
+------+-----------+
1 row in set (0.002 sec)

MySQL [udacity_1]> insert into FirstTable(ID, Firstname) values (1, "Duc");
ERROR 1290 (HY000): The MySQL server is running with the --read-only option so it cannot execute this statement
MySQL [udacity_1]> insert into FirstTable(ID, Firstname) values (2, "after promote replica");
Query OK, 1 row affected (0.004 sec)

MySQL [udacity_1]> select * from FirstTablel;
ERROR 1146 (42S02): Table 'udacity_1.FirstTablel' doesn't exist
MySQL [udacity_1]> select * from FirstTable;
+------+-----------------------+
| ID   | Firstname             |
+------+-----------------------+
|    1 | Duc                   |
|    2 | after promote replica |
+------+-----------------------+
2 rows in set (0.001 sec)

MySQL [udacity_1]> 
